// Jest Snapshot v1, https://goo.gl/fbAQLP

exports[`App component matches the snapshot 1`] = `
<div
  class="container"
  id="cxdashboard"
>
  <cx-header-stub />
   
  <div
    class="row cx-translation-header"
  >
    <mw-button-stub
      class="col-md-4 col-xs-12 col-lg-3 col-offset-lg-1 mb-4 mt-4"
      icon="M11 9V4H9v5H4v2h5v5h2v-5h5V9z"
      label="New translation"
      large="true"
      progressive="true"
      type="button"
    />
  </div>
</div>
`;
